000 (231435.000.000) 11/19 15:40:55 Job submitted from host: <128.104.232.115:9618?CCBID=128.105.244.14:9618#2634722&sock=24081_dd92_11>
...
009 (231435.000.000) 11/19 15:41:31 Job was aborted by the user.
	via condor_rm (by user kecskemeti)
...
